// Jest Snapshot v1, https://goo.gl/fbAQLP

exports[`default setup 1`] = `
Object {
  "Resources": Object {
    "FooDFE0DD70": Object {
      "DeletionPolicy": "Retain",
      "Type": "AWS::S3::Bucket",
      "UpdateReplacePolicy": "Retain",
    },
  },
}
`;

exports[`yaml setup 1`] = `
"Resources:
  FooDFE0DD70:
    Type: 'AWS::S3::Bucket'
    UpdateReplacePolicy: Retain
    DeletionPolicy: Retain
"
`;
